construction done {'construction': 18.3}
observer rank_budget fitted 94.8
observer uniform_noise fitted 135.1
observer position fitted 191.6
observer magnitude fitted 267.7
{"verdict": "FAIL", "n_checks": 17, "n_failed": 1, "elapsed_s": 267.7, "host": "atlas"}
PASS construction_cells_full
PASS rank_budget_retained_role_near_ceiling
FAIL rank_budget_discarded_role_low_plateau
PASS rank_budget_D_A_positive_and_ci_excludes_zero
PASS rank_budget_monotone_hi_mid_lo
PASS rank_budget_low_role_s_star_censored_in_most_cells
PASS uniform_noise_D_A_ci_covers_zero
PASS uniform_noise_D_A_small
PASS uniform_noise_b_near_zero
PASS position_D_A_ci_covers_zero
PASS position_D_A_small
PASS position_b_recovered
PASS magnitude_D_A_ci_covers_zero
PASS magnitude_D_A_small
PASS magnitude_b_near_zero
PASS smoother_recovers_placed_peaks
PASS D_p_tracks_placed_displacement
rank_budget D_A 0.222 [0.18384152221262914, 0.25616560598838506] plateaus {'hi': 0.988, 'mid': 0.965, 'lo': 0.766} b 0.002
uniform_noise D_A 0.007 [-0.00013405779835604548, 0.015056189219554575] plateaus {'hi': 0.988, 'mid': 0.986, 'lo': 0.981} b 0.001
position D_A -0.0 [-0.022146572039286813, 0.020528900661135507] plateaus {'hi': 0.969, 'mid': 0.961, 'lo': 0.969} b 0.777
magnitude D_A -0.032 [-0.08340488530005516, 0.016619290970636802] plateaus {'hi': 0.66, 'mid': 0.676, 'lo': 0.691} b 0.0
H1_EXIT=0
