construction done {'construction': 21.1}
observer rank_budget fitted 102.8
observer uniform_noise fitted 159.1
observer position fitted 220.1
observer magnitude fitted 296.2
{"verdict": "FAIL", "n_checks": 17, "n_failed": 10, "elapsed_s": 296.3, "host": "atlas"}
PASS construction_cells_full
FAIL rank_budget_retained_role_near_ceiling
FAIL rank_budget_discarded_role_low_endpoint
FAIL rank_budget_D_A_positive_and_ci_excludes_zero
FAIL rank_budget_monotone_hi_mid_lo
PASS rank_budget_low_role_s_star_censored_in_most_cells
FAIL uniform_noise_D_A_ci_covers_zero
FAIL uniform_noise_D_A_small
PASS uniform_noise_b_near_zero
FAIL position_D_A_ci_covers_zero
FAIL position_D_A_small
PASS position_b_recovered
FAIL magnitude_D_A_ci_covers_zero
FAIL magnitude_D_A_small
PASS magnitude_b_near_zero
PASS smoother_recovers_placed_peaks
PASS D_p_tracks_placed_displacement
rank_budget D_A nan [nan, nan] A {'hi': nan, 'mid': nan, 'lo': nan} fitted plateau {'hi': 0.992, 'mid': 0.976, 'lo': 0.761} b 0.003
uniform_noise D_A nan [nan, nan] A {'hi': nan, 'mid': nan, 'lo': nan} fitted plateau {'hi': 0.994, 'mid': 0.983, 'lo': 0.983} b 0.003
position D_A nan [nan, nan] A {'hi': nan, 'mid': nan, 'lo': nan} fitted plateau {'hi': 0.966, 'mid': 0.963, 'lo': 0.972} b 0.772
magnitude D_A nan [nan, nan] A {'hi': nan, 'mid': nan, 'lo': nan} fitted plateau {'hi': 0.681, 'mid': 0.668, 'lo': 0.665} b 0.0
H1_EXIT=0
